// Jest Snapshot v1, https://goo.gl/fbAQLP

exports[`@hoc-react-loader/core Indicators parameters should print the given ErrorIndicator 1`] = `"<div class=\\"error\\">Error</div>"`;

exports[`@hoc-react-loader/core Indicators parameters should print the given LoadingIndicator 1`] = `"<div class=\\"loader\\">Loader</div>"`;

exports[`@hoc-react-loader/core delay parameter should render component when loaded when delay not past 1`] = `"<div class=\\"component\\">Component</div>"`;

exports[`@hoc-react-loader/core delay parameter should render component when loaded when delay past 1`] = `"<div class=\\"component\\">Component</div>"`;

exports[`@hoc-react-loader/core delay parameter should render loading indicator after delay and component not still loaded 1`] = `"<div>load</div>"`;

exports[`@hoc-react-loader/core delay parameter should render nothing before delay and component not still loaded 1`] = `null`;

exports[`@hoc-react-loader/core error parameter should print Component -error as a value- 1`] = `"<div class=\\"component\\">Component</div>"`;

exports[`@hoc-react-loader/core error parameter should print Component -error as an array- 1`] = `"<div class=\\"component\\">Component</div>"`;

exports[`@hoc-react-loader/core error parameter should print Component -error as an array- 2`] = `"<div class=\\"component\\">Component</div>"`;

exports[`@hoc-react-loader/core error parameter should print Component -error as an array- 3`] = `"<div class=\\"component\\">Component</div>"`;

exports[`@hoc-react-loader/core error parameter should print Component -error as function- 1`] = `"<div class=\\"component\\">Component</div>"`;

exports[`@hoc-react-loader/core error parameter should print Component -error as function- 2`] = `
Array [
  Array [
    Object {
      "some": "props",
    },
    Object {},
  ],
]
`;

exports[`@hoc-react-loader/core error parameter should print error Component -error as a value- 1`] = `null`;

exports[`@hoc-react-loader/core error parameter should print error Component -error as an array- 1`] = `null`;

exports[`@hoc-react-loader/core error parameter should print error Component -error as an array- 2`] = `null`;

exports[`@hoc-react-loader/core error parameter should print error Component -error as an array- 3`] = `null`;

exports[`@hoc-react-loader/core error parameter should print error Component -error as an array- 4`] = `null`;

exports[`@hoc-react-loader/core error parameter should print error Component -error as function- 1`] = `null`;

exports[`@hoc-react-loader/core error parameter should print error Component -error as function- 2`] = `
Array [
  Array [
    Object {
      "some": "props",
    },
    Object {},
  ],
]
`;

exports[`@hoc-react-loader/core print parameter should not print Component -loaded props- 1`] = `null`;

exports[`@hoc-react-loader/core print parameter should not print Component -loaded props- 2`] = `null`;

exports[`@hoc-react-loader/core print parameter should not print Component -print as a value- 1`] = `null`;

exports[`@hoc-react-loader/core print parameter should not print Component -print as function- 1`] = `null`;

exports[`@hoc-react-loader/core print parameter should not print Component -print as function- 2`] = `
Array [
  Array [
    Object {
      "some": "props",
    },
    Object {},
  ],
]
`;

exports[`@hoc-react-loader/core print parameter should print Component -empty parameters- 1`] = `"<div class=\\"component\\">Component</div>"`;

exports[`@hoc-react-loader/core print parameter should print Component -loaded props- 1`] = `"<div class=\\"component\\">Component</div>"`;

exports[`@hoc-react-loader/core print parameter should print Component -loaded props- 2`] = `"<div class=\\"component\\">Component</div>"`;

exports[`@hoc-react-loader/core print parameter should print Component -print as a value- 1`] = `"<div class=\\"component\\">Component</div>"`;

exports[`@hoc-react-loader/core print parameter should print Component -print as an array- 1`] = `null`;

exports[`@hoc-react-loader/core print parameter should print Component -print as an array- 2`] = `null`;

exports[`@hoc-react-loader/core print parameter should print Component -print as an array- 3`] = `null`;

exports[`@hoc-react-loader/core print parameter should print Component -print as an array- 4`] = `"<div class=\\"component\\">Component</div>"`;

exports[`@hoc-react-loader/core print parameter should print Component -print as function- 1`] = `"<div class=\\"component\\">Component</div>"`;

exports[`@hoc-react-loader/core print parameter should print Component -print as function- 2`] = `
Array [
  Array [
    Object {
      "some": "props",
    },
    Object {},
  ],
]
`;

exports[`@hoc-react-loader/core print parameter should print Component -undefined parameters- 1`] = `"<div class=\\"component\\">Component</div>"`;
