// Jest Snapshot v1, https://goo.gl/fbAQLP

exports[`hoc-react-loader print parameter should not print Component -loaded props- 1`] = `"<div class=\\"tailspin\\">TailSpin</div>"`;

exports[`hoc-react-loader print parameter should not print Component -loaded props- 2`] = `"<div class=\\"tailspin\\">TailSpin</div>"`;

exports[`hoc-react-loader print parameter should not print Component -print as a value- 1`] = `"<div class=\\"tailspin\\">TailSpin</div>"`;

exports[`hoc-react-loader print parameter should not print Component -print as function- 1`] = `"<div class=\\"tailspin\\">TailSpin</div>"`;

exports[`hoc-react-loader print parameter should not print Component -print as function- 2`] = `
Array [
  Array [
    Object {
      "some": "props",
    },
    Object {},
  ],
]
`;

exports[`hoc-react-loader print parameter should print Component -empty parameters- 1`] = `"<div class=\\"component\\">Component</div>"`;

exports[`hoc-react-loader print parameter should print Component -loaded props- 1`] = `"<div class=\\"component\\">Component</div>"`;

exports[`hoc-react-loader print parameter should print Component -loaded props- 2`] = `"<div class=\\"component\\">Component</div>"`;

exports[`hoc-react-loader print parameter should print Component -print as a value- 1`] = `"<div class=\\"component\\">Component</div>"`;

exports[`hoc-react-loader print parameter should print Component -print as an array- 1`] = `"<div class=\\"tailspin\\">TailSpin</div>"`;

exports[`hoc-react-loader print parameter should print Component -print as an array- 2`] = `"<div class=\\"tailspin\\">TailSpin</div>"`;

exports[`hoc-react-loader print parameter should print Component -print as an array- 3`] = `"<div class=\\"tailspin\\">TailSpin</div>"`;

exports[`hoc-react-loader print parameter should print Component -print as an array- 4`] = `"<div class=\\"component\\">Component</div>"`;

exports[`hoc-react-loader print parameter should print Component -print as function- 1`] = `"<div class=\\"component\\">Component</div>"`;

exports[`hoc-react-loader print parameter should print Component -print as function- 2`] = `
Array [
  Array [
    Object {
      "some": "props",
    },
    Object {},
  ],
]
`;

exports[`hoc-react-loader print parameter should print Component -undefined parameters- 1`] = `"<div class=\\"component\\">Component</div>"`;
